npm notice run admish-portfolio@1.0.0 dev
npm notice run vite --host 0.0.0.0 --port 5173

  [32m[1mVITE[22m v5.4.21[39m  [2mready in [0m[1m584[22m[2m[0m ms[22m

  [32m➜[39m  [1mLocal[22m:   [36mhttp://localhost:[1m5173[22m/[39m
  [32m➜[39m  [1mNetwork[22m: [36mhttp://192.168.0.117:[1m5173[22m/[39m
[2m[32m  ➜[39m[22m[2m  press [22m[1mh + enter[22m[2m to show help[22m
[2m10:02:39 pm[22m [36m[1m[vite][22m[39m [32mhmr update [39m[2m/src/components/Contact.jsx, /src/index.css[22m
[2m10:02:42 pm[22m [36m[1m[vite][22m[39m [32mhmr update [39m[2m/src/components/Contact.jsx, /src/index.css[22m
[2m10:02:47 pm[22m [36m[1m[vite][22m[39m [32mhmr update [39m[2m/src/components/Contact.jsx, /src/index.css[22m
[2m10:02:51 pm[22m [36m[1m[vite][22m[39m [32mhmr update [39m[2m/src/App.jsx, /src/index.css[22m
[2m10:03:11 pm[22m [36m[1m[vite][22m[39m [32mhmr update [39m[2m/src/components/Footer.jsx, /src/index.css[22m
[2m10:05:00 pm[22m [36m[1m[vite][22m[39m [32mhmr update [39m[2m/src/components/Admin.jsx, /src/index.css[22m
[2m10:05:01 pm[22m [36m[1m[vite][22m[39m [32mhmr update [39m[2m/src/components/Admin.jsx, /src/index.css[22m
[2m10:05:05 pm[22m [36m[1m[vite][22m[39m [32mhmr update [39m[2m/src/components/Admin.jsx, /src/index.css[22m
[2m10:05:07 pm[22m [36m[1m[vite][22m[39m [32mhmr update [39m[2m/src/components/Admin.jsx, /src/index.css[22m
[2m10:05:10 pm[22m [36m[1m[vite][22m[39m [32mhmr update [39m[2m/src/components/Admin.jsx, /src/index.css[22m
[2m10:05:56 pm[22m [36m[1m[vite][22m[39m [32mhmr update [39m[2m/src/components/Hero.jsx, /src/index.css[22m
[2m10:08:31 pm[22m [36m[1m[vite][22m[39m [32mhmr update [39m[2m/src/components/Hero.jsx, /src/index.css[22m
[2m10:09:23 pm[22m [36m[1m[vite][22m[39m [32mhmr update [39m[2m/src/components/Hero.jsx, /src/index.css[22m
[2m10:10:18 pm[22m [36m[1m[vite][22m[39m [32mhmr update [39m[2m/src/components/Hero.jsx, /src/index.css[22m
[2m10:10:18 pm[22m [36m[1m[vite][22m[39m [32m✨ new dependencies optimized: [33mreact-icons/fa6[32m[39m
[2m10:10:18 pm[22m [36m[1m[vite][22m[39m [32m✨ optimized dependencies changed. reloading[39m
